// Jest Snapshot v1, https://goo.gl/fbAQLP

exports[`When DataTable renders should match previous snapshot 1`] = `
<body>
  <div>
    <div
      class="MuiPaper-root MuiPaper-elevation MuiPaper-rounded MuiPaper-elevation1 MuiTableContainer-root css-11xur9t-MuiPaper-root-MuiTableContainer-root"
    >
      <table
        aria-label="collapsible table"
        class="MuiTable-root css-rqglhn-MuiTable-root"
      >
        <thead
          class="MuiTableHead-root css-15wwp11-MuiTableHead-root"
        >
          <tr
            class="MuiTableRow-root MuiTableRow-head css-1q1u3t4-MuiTableRow-root"
          >
            <th
              class="MuiTableCell-root MuiTableCell-head MuiTableCell-sizeMedium css-1ygcj2i-MuiTableCell-root"
              scope="col"
            >
              App Name
            </th>
            <th
              class="MuiTableCell-root MuiTableCell-head MuiTableCell-sizeMedium css-1ygcj2i-MuiTableCell-root"
              scope="col"
            >
              Provisioning State
            </th>
            <th
              class="MuiTableCell-root MuiTableCell-head MuiTableCell-sizeMedium css-1ygcj2i-MuiTableCell-root"
              scope="col"
            >
              Location
            </th>
          </tr>
        </thead>
        <tbody
          class="MuiTableBody-root css-apqrd9-MuiTableBody-root"
        >
          <tr
            class="MuiTableRow-root makeStyles-rowClass-7 css-1q1u3t4-MuiTableRow-root"
          >
            <td
              class="MuiTableCell-root MuiTableCell-body MuiTableCell-sizeMedium css-1q8rm1h-MuiTableCell-root"
            >
              item.appname-1
            </td>
            <td
              class="MuiTableCell-root MuiTableCell-body MuiTableCell-sizeMedium css-1q8rm1h-MuiTableCell-root"
            >
              item.provisioningState-1
            </td>
            <td
              class="MuiTableCell-root MuiTableCell-body MuiTableCell-sizeMedium css-1q8rm1h-MuiTableCell-root"
            >
              item.location-1
            </td>
          </tr>
          <tr
            class="MuiTableRow-root makeStyles-collapsedContent-8 css-1q1u3t4-MuiTableRow-root"
          >
            <td
              class="MuiTableCell-root MuiTableCell-body MuiTableCell-sizeMedium css-1q8rm1h-MuiTableCell-root"
              colspan="6"
              style="padding-bottom: 0px; padding-top: 0px;"
            />
          </tr>
          <tr
            class="MuiTableRow-root makeStyles-rowClass-7 css-1q1u3t4-MuiTableRow-root"
          >
            <td
              class="MuiTableCell-root MuiTableCell-body MuiTableCell-sizeMedium css-1q8rm1h-MuiTableCell-root"
            >
              item.appname-2
            </td>
            <td
              class="MuiTableCell-root MuiTableCell-body MuiTableCell-sizeMedium css-1q8rm1h-MuiTableCell-root"
            >
              item.provisioningState-2
            </td>
            <td
              class="MuiTableCell-root MuiTableCell-body MuiTableCell-sizeMedium css-1q8rm1h-MuiTableCell-root"
            >
              item.location-2
            </td>
          </tr>
          <tr
            class="MuiTableRow-root makeStyles-collapsedContent-8 css-1q1u3t4-MuiTableRow-root"
          >
            <td
              class="MuiTableCell-root MuiTableCell-body MuiTableCell-sizeMedium css-1q8rm1h-MuiTableCell-root"
              colspan="6"
              style="padding-bottom: 0px; padding-top: 0px;"
            />
          </tr>
        </tbody>
      </table>
    </div>
  </div>
</body>
`;
